1
abbbab
2
aaaa
aaa
cannot compile pcre regular expression
