Hello, world
[-13] = null
[-12] = H
[-11] = e
[-10] = l
[-9] = l
[-8] = o
[-7] = ,
[-6] =  
[-5] = w
[-4] = o
[-3] = r
[-2] = l
[-1] = d
[0] = H
[1] = e
[2] = l
[3] = l
[4] = o
[5] = ,
[6] =  
[7] = w
[8] = o
[9] = r
[10] = l
[11] = d
[12] = null
Hell
llo,
llo, worl
orl
o, w
llo, world
llo, world


